== 0) 配置 ==
strategy=length  chunk_size=512  chunk_overlap=64  tokenizer=bge-m3  max_input=8192
tokenizer vocab=250002
== 1) 加载原始数据 ==
corpus_fields.csv: 1020 行 × 18 列
清洗后排保留: 1006 篇  (剔除 极短文 12 / 空core 0 / 无txt 0 / 名单 2)
语言构成: {'en': np.int64(997), 'zh': np.int64(9)}
尾边界识别成功: 888/1006

== 2~3) 分割并保存 ==
切块耗时 50.6s  (块/篇 均值 27.2, max 194)
合并过短块: 4 个 (token < 20)

== 3) 块长分布 (token) ==
item                        N      min       p5      p25      p50      p75      p90      p95      p99      max      mean
chunk_tokens            27349       32      152      324      417      469      492      500      507      509       383
chunks_per_doc           1006        3       11       18       25       32       43       53       76      194        27

== 4) 结果预览 (随机 3 篇) ==

--- PMC5835263 | Mitochondrial Genome Mutations Associated with Myocardial In
    共 23 块, lang=en, journal=Dis Markers, year=2018
    [#0] 410 token | Myocardial infarction is one of the clinical manifestations of coronary heart disease. In some cases...
    [#1] 473 token | had a trend towards negative correlation. These mutations can potentially be useful for creating mol...

--- PMC11112893 | A comparison of oral bacteriome isolated from periodontal po
    共 14 块, lang=en, journal=BMC Res Notes, year=2024
    [#0] 303 token | Objective  Diabetes mellitus predisposes patients to increased incidence and severe forms of periodo...
    [#1] 442 token | between the two study groups (CAP score = 0) with a significant association noted between periodonti...

--- PMC10269592 | Improvement in Zebrafish with Diabetes and Alzheimer's Disea
    共 40 块, lang=en, journal=Microbiol Spectr, year=2023
    [#0] 292 token | ABSTRACT  Diabetes and Alzheimer's disease (AD) are associated with specific changes in the composit...
    [#1] 388 token | complicated with Alzheimer's disease. The results showed that the zebrafish in the prevention group ...

== 5) 质量验证 ==
检查项                       命中块数      占比%   说明
over_model_limit             0     0.00   token > 8192, 送进 bge-m3 会被截断 -> 必须重切
over_chunk_size              0     0.00   token > chunk_size(512) -> splitter 失控
empty                        0     0.00   空块
too_short                    0     0.00   token < 20, 信息量不足, 建议与相邻块合并
truncated                    1     0.00   原文中块结束处的下一个字符仍是字母 -> 切在了单词中间
mojibake                     0     0.00   含双重编码字符(§1.3 列出 5 篇)
has_section_head          3922    14.34   含章节标题(非问题, 用于后续章节标注)

overlap 校验(字符级): 抽样 50 篇 / 1410 个相邻块对
  实际重叠字符: 中位 200, 均值 192, 最大 200 (64 token ≈ 250 字符)
  完全无重叠 5 对 (0.4%), 重叠 >= 100 字符 1382 对 (98.0%)
  判定: ✅ overlap 生效

[saved] d:\medical_rag\data\chunks\chunks_length.parquet
[saved] d:\medical_rag\data\chunks\chunks_length.jsonl
[saved] d:\medical_rag\data\chunks\processing_stats_length.json
[saved] d:\medical_rag\data\chunks\quality_report_length.csv  (1 个问题块)
[saved] docs/文档解析与分割报告.md
[saved] d:\medical_rag\data\chunks\build_chunks_length.log

== 6) 结论 ==
智能分割: 超模型上限 0 块, 超 chunk_size 0 块 -> ✅ 可进入向量化
预计向量化耗时: 27349 块 × 1.555s ≈ 11.8 小时
